// Jest Snapshot v1, https://goo.gl/fbAQLP

exports[`AddNote component renders the complete form 1`] = `
<section
  className="AddNote"
>
  <h3>
    Create a note
  </h3>
  <form
    action="#"
    className="Noteful-form AddNote__Form"
    onSubmit={[Function]}
  >
    <div>
      <p
        className="error__message"
      >
        
      </p>
    </div>
    <div>
      <p
        className="error__message"
      >
        
      </p>
    </div>
    <div
      className="field form-group"
    >
      <label
        htmlFor="note-name"
      >
        <input
          aria-required="true"
          className="new__note__name"
          defaultValue="Enter Name"
          id="note-name-input"
          name="note"
          onChange={[Function]}
          type="text"
        />
      </label>
    </div>
    <div
      className="field form-group"
    >
      <label
        htmlFor="note-content"
      >
        <textarea
          className="new__note__content"
          id="note-content-input"
          name="content"
          onChange={[Function]}
        />
      </label>
    </div>
    <div
      className="field form-group"
    >
      <label
        htmlFor="select-folder"
      >
        <select
          aria-required="true"
          id="note-folder-select"
          name="note-folder-id"
          onChange={[Function]}
        >
          <option
            value={null}
          >
            Select Folder
          </option>
        </select>
      </label>
    </div>
    <div
      className="buttons"
    >
      <button
        type="submit"
      >
        <br />
        Note
      </button>
    </div>
  </form>
</section>
`;
