// Jest Snapshot v1, https://goo.gl/fbAQLP

exports[`MessagePageNav component renders a .MessagePageNav by default 1`] = `
<div
  className="MessagePageNav"
>
  <button
    className="NavCircleButton MessagePageNav__back-button"
    onClick={[Function]}
    role="link"
  >
    <br />
    Back
  </button>
</div>
`;
