// Jest Snapshot v1, https://goo.gl/fbAQLP

exports[`PostPageNav component renders a .PostPageNav by default 1`] = `
<div
  className="PostPageNav"
>
  <button
    className="NavCircleButton PostPageNav__back-button"
    onClick={[Function]}
    role="link"
  >
    <br />
    Back
  </button>
</div>
`;
